\BOOKMARK [0][-]{section*.2}{\376\377\000Q\000u\000a\000n\000t\000u\000m\000\040\000S\000i\000m\000u\000l\000a\000t\000i\000o\000n\000\040\000o\000f\000\040\000t\000h\000e\000\040\000B\000u\000r\000g\000e\000r\000s\000\040\000a\000n\000d\000\040\000K\000o\000r\000t\000e\000w\000e\000g\040\023\000d\000e\000\040\000V\000r\000i\000e\000s\000\040\000E\000q\000u\000a\000t\000i\000o\000n\000s\000:\000\040\000C\000a\000r\000l\000e\000m\000a\000n\040\023\000Q\000S\000V\000T\000\040\000L\000i\000n\000e\000a\000r\000-\000S\000y\000s\000t\000e\000m\000\040\000S\000o\000l\000v\000i\000n\000g\000\040\000a\000n\000d\000\040\000V\000a\000r\000i\000a\000t\000i\000o\000n\000a\000l\000\040\000N\000a\000t\000u\000r\000a\000l\000-\000G\000r\000a\000d\000i\000e\000n\000t\000\040\000T\000i\000m\000e\000\040\000P\000r\000o\000p\000a\000g\000a\000t\000i\000o\000n}{}% 2
\BOOKMARK [1][-]{section*.1}{\376\377\000A\000b\000s\000t\000r\000a\000c\000t}{section*.2}% 1
\BOOKMARK [1][-]{section*.3}{\376\377\000I\000n\000t\000r\000o\000d\000u\000c\000t\000i\000o\000n}{section*.2}% 3
\BOOKMARK [1][-]{section*.4}{\376\377\000S\000h\000a\000r\000e\000d\000\040\000d\000i\000s\000c\000r\000e\000t\000i\000z\000a\000t\000i\000o\000n\000\040\000a\000n\000d\000\040\000i\000t\000s\000\040\000e\000x\000a\000c\000t\000\040\000c\000o\000n\000s\000e\000r\000v\000a\000t\000i\000o\000n\000\040\000i\000d\000e\000n\000t\000i\000t\000y}{section*.2}% 4
\BOOKMARK [2][-]{section*.5}{\376\377\000T\000h\000e\000\040\000c\000o\000n\000v\000e\000c\000t\000i\000v\000e\000\040\000c\000l\000o\000s\000u\000r\000e\000\040\000m\000u\000s\000t\000\040\000b\000e\000\040\000c\000h\000o\000s\000e\000n\000\040\000w\000i\000t\000h\000\040\000c\000a\000r\000e}{section*.4}% 5
\BOOKMARK [2][-]{section*.6}{\376\377\000A\000\040\000s\000u\000b\000t\000l\000e\000t\000y\000:\000\040\000e\000x\000a\000c\000t\000\040\000c\000o\000n\000s\000e\000r\000v\000a\000t\000i\000o\000n\000\040\000o\000f\000\040\000t\000h\000e\000\040\000O\000D\000E\000\040\000d\000o\000e\000s\000\040\000n\000o\000t\000\040\000s\000u\000r\000v\000i\000v\000e\000\040\000t\000i\000m\000e\000\040\000d\000i\000s\000c\000r\000e\000t\000i\000z\000a\000t\000i\000o\000n}{section*.4}% 6
\BOOKMARK [2][-]{section*.7}{\376\377\000T\000h\000e\000\040\000R\000e\000y\000n\000o\000l\000d\000s\000\040\000n\000u\000m\000b\000e\000r\000\040\000s\000e\000t\000s\000\040\000t\000h\000e\000\040\000g\000r\000i\000d\000\040\000r\000e\000s\000o\000l\000u\000t\000i\000o\000n\000\040\000b\000o\000t\000h\000\040\000m\000e\000t\000h\000o\000d\000s\000\040\000n\000e\000e\000d}{section*.4}% 7
\BOOKMARK [1][-]{section*.8}{\376\377\000M\000e\000t\000h\000o\000d\000\040\000A\000:\000\040\000C\000a\000r\000l\000e\000m\000a\000n\000\040\000l\000i\000n\000e\000a\000r\000i\000z\000a\000t\000i\000o\000n\000\040\000a\000n\000d\000\040\000Q\000S\000V\000T}{section*.2}% 8
\BOOKMARK [2][-]{section*.9}{\376\377\000C\000a\000r\000l\000e\000m\000a\000n\000\040\000l\000i\000f\000t\000i\000n\000g}{section*.8}% 9
\BOOKMARK [2][-]{section*.10}{\376\377\000T\000i\000m\000e\000\040\000m\000a\000r\000c\000h\000i\000n\000g}{section*.8}% 10
\BOOKMARK [2][-]{section*.11}{\376\377\000B\000l\000o\000c\000k\000\040\000e\000n\000c\000o\000d\000i\000n\000g\000:\000\040\000d\000e\000n\000s\000e\000\040\000a\000n\000d\000\040\000P\000a\000u\000l\000i\000-\000L\000C\000U}{section*.8}% 11
\BOOKMARK [2][-]{section*.12}{\376\377\000Q\000S\000V\000T\000\040\000m\000a\000t\000r\000i\000x\000\040\000i\000n\000v\000e\000r\000s\000i\000o\000n}{section*.8}% 12
\BOOKMARK [2][-]{section*.13}{\376\377\000V\000e\000r\000i\000f\000i\000c\000a\000t\000i\000o\000n\000\040\000a\000n\000d\000\040\000r\000e\000s\000u\000l\000t\000s}{section*.8}% 13
\BOOKMARK [2][-]{section*.14}{\376\377\000W\000h\000a\000t\000\040\000l\000i\000m\000i\000t\000s\000\040\000t\000h\000e\000\040\000a\000c\000h\000i\000e\000v\000a\000b\000l\000e\000\040\000g\000r\000i\000d\000\040\000s\000i\000z\000e\000:\000\040\000c\000o\000n\000d\000i\000t\000i\000o\000n\000\040\000n\000u\000m\000b\000e\000r\000,\000\040\000n\000o\000t\000\040\000o\000n\000l\000y\000\040\000g\000a\000t\000e\000\040\000c\000o\000u\000n\000t}{section*.8}% 14
\BOOKMARK [1][-]{section*.15}{\376\377\000M\000e\000t\000h\000o\000d\000\040\000B\000:\000\040\000V\000a\000r\000i\000a\000t\000i\000o\000n\000a\000l\000\040\000n\000a\000t\000u\000r\000a\000l\000-\000g\000r\000a\000d\000i\000e\000n\000t\000\040\000t\000i\000m\000e\000\040\000p\000r\000o\000p\000a\000g\000a\000t\000i\000o\000n}{section*.2}% 15
\BOOKMARK [2][-]{section*.16}{\376\377\000A\000m\000p\000l\000i\000t\000u\000d\000e\000\040\000e\000n\000c\000o\000d\000i\000n\000g\000\040\000a\000n\000d\000\040\000a\000n\000s\000a\000t\000z}{section*.15}% 16
\BOOKMARK [2][-]{section*.17}{\376\377\000T\000h\000e\000\040\000M\000c\000L\000a\000c\000h\000l\000a\000n\000\040\000v\000a\000r\000i\000a\000t\000i\000o\000n\000a\000l\000\040\000p\000r\000i\000n\000c\000i\000p\000l\000e\000\040\000a\000s\000\040\000a\000\040\000d\000i\000s\000c\000r\000e\000t\000e\000-\000t\000a\000r\000g\000e\000t\000\040\000f\000i\000t}{section*.15}% 17
\BOOKMARK [2][-]{section*.18}{\376\377\000C\000i\000r\000c\000u\000i\000t\000-\000l\000e\000v\000e\000l\000\040\000m\000e\000a\000s\000u\000r\000e\000m\000e\000n\000t}{section*.15}% 18
\BOOKMARK [2][-]{section*.19}{\376\377\000S\000i\000g\000n\000\040\000t\000r\000a\000c\000k\000i\000n\000g\000\040\000w\000i\000t\000h\000\040\000a\000\040\000r\000i\000g\000o\000r\000o\000u\000s\000\040\000c\000e\000r\000t\000i\000f\000i\000c\000a\000t\000e}{section*.15}% 19
\BOOKMARK [2][-]{section*.20}{\376\377\000I\000m\000p\000l\000i\000c\000i\000t\000\040\000m\000i\000d\000p\000o\000i\000n\000t\000\040\000f\000o\000r\000\040\000K\000d\000V}{section*.15}% 20
\BOOKMARK [2][-]{section*.21}{\376\377\000V\000e\000r\000i\000f\000i\000c\000a\000t\000i\000o\000n\000\040\000a\000n\000d\000\040\000r\000e\000s\000u\000l\000t\000s}{section*.15}% 21
\BOOKMARK [1][-]{section*.22}{\376\377\000R\000e\000s\000o\000u\000r\000c\000e\000\040\000s\000c\000a\000l\000i\000n\000g}{section*.2}% 22
\BOOKMARK [1][-]{section*.23}{\376\377\000D\000i\000s\000c\000u\000s\000s\000i\000o\000n}{section*.2}% 23
\BOOKMARK [1][-]{section*.24}{\376\377\000C\000o\000n\000c\000l\000u\000s\000i\000o\000n}{section*.2}% 24
\BOOKMARK [1][-]{section*.25}{\376\377\000A\000c\000k\000n\000o\000w\000l\000e\000d\000g\000m\000e\000n\000t\000s}{section*.2}% 25
\BOOKMARK [1][-]{section*.26}{\376\377\000A\000I\000\040\000d\000i\000s\000c\000l\000o\000s\000u\000r\000e}{section*.2}% 26
\BOOKMARK [1][-]{section*.27}{\376\377\000R\000e\000f\000e\000r\000e\000n\000c\000e\000s}{section*.2}% 27
